// Jest Snapshot v1, https://goo.gl/fbAQLP

exports[`GameOfLife renders game without crashing 1`] = `
{
  "asFragment": [Function],
  "baseElement": <body>
    <div>
      <div
        class="MuiStack-root css-dxtbbu-JoyStack-root"
      >
        <h1
          class="MuiTypography-root MuiTypography-display1 MuiTypography-colorNeutral MuiTypography-variantSolid css-16qvs2p-JoyTypography-root"
          id="title"
        >
          Conway's Game of Life
        </h1>
        <div
          class="sc-gsMHZj eiYyzm"
        >
          <canvas
            class="sc-bcHOTY kZGdfh"
            data-testid="gol-canvas"
            height="400"
            width="1880"
          />
        </div>
        <div
          data-testid="game-data"
        >
          [{"x":15,"y":2},{"x":16,"y":3},{"x":14,"y":4},{"x":15,"y":4},{"x":16,"y":4}]
        </div>
        <div
          class="MuiSheet-root MuiSheet-variantPlain MuiSheet-colorNeutral css-1bqfkf2-JoySheet-root"
        >
          <button
            class="MuiButton-root MuiButton-variantSolid MuiButton-colorPrimary MuiButton-sizeLg css-1mhx1qt-JoyButton-root"
            data-testid="play-game"
            type="button"
          >
            <span
              class="MuiButton-startDecorator css-187ulk2-JoyButton-startDecorator"
            >
              <svg
                aria-hidden="true"
                class="MuiSvgIcon-root MuiSvgIcon-fontSizeMedium css-i4bv87-MuiSvgIcon-root"
                data-testid="PlayArrowIcon"
                focusable="false"
                viewBox="0 0 24 24"
              >
                <path
                  d="M8 5v14l11-7z"
                />
              </svg>
            </span>
            Play
          </button>
          <button
            class="MuiButton-root MuiButton-variantSolid MuiButton-colorPrimary MuiButton-sizeLg css-1mhx1qt-JoyButton-root"
            data-testid="clear-game"
            type="button"
          >
            <span
              class="MuiButton-startDecorator css-187ulk2-JoyButton-startDecorator"
            >
              <svg
                aria-hidden="true"
                class="MuiSvgIcon-root MuiSvgIcon-fontSizeMedium css-i4bv87-MuiSvgIcon-root"
                data-testid="ClearIcon"
                focusable="false"
                viewBox="0 0 24 24"
              >
                <path
                  d="M19 6.41 17.59 5 12 10.59 6.41 5 5 6.41 10.59 12 5 17.59 6.41 19 12 13.41 17.59 19 19 17.59 13.41 12z"
                />
              </svg>
            </span>
            Clear
          </button>
        </div>
        <div
          class="MuiSheet-root MuiSheet-variantPlain MuiSheet-colorNeutral css-lmwrr5-JoySheet-root"
        >
          <div
            class="MuiFormControl-root MuiFormControl-vertical MuiFormControl-sizeMd css-1qd75b7-JoyFormControl-root"
          >
            <label
              class="MuiFormLabel-root css-4az1jf-JoyFormLabel-root"
              for=":r0:"
              id=":r0:-label"
            >
              Cell Size
               
              <p
                data-testid="cell-size"
              >
                40
              </p>
            </label>
            <span
              class="MuiSlider-root MuiSlider-variantSolid MuiSlider-colorPrimary MuiSlider-sizeLg css-1n12bqn-JoySlider-root"
            >
              <span
                class="MuiSlider-rail css-25lf7d-JoySlider-rail"
                data-testid="cell-size-rail"
              />
              <span
                class="MuiSlider-track css-1jq9w0k-JoySlider-track"
                style="left: 0%; width: 33.333333333333336%;"
              />
              <span
                class="MuiSlider-thumb css-1yv1cbk-JoySlider-thumb"
                data-index="0"
                style="left: 33.333333333333336%;"
              >
                <input
                  aria-orientation="horizontal"
                  aria-valuemax="100"
                  aria-valuemin="10"
                  aria-valuenow="40"
                  class="MuiSlider-input css-1aiebgt-JoySlider-input"
                  data-index="0"
                  max="100"
                  min="10"
                  step="2"
                  style="border: 0px; height: 100%; margin: -1px; overflow: hidden; padding: 0px; position: absolute; white-space: nowrap; width: 100%; direction: ltr;"
                  type="range"
                  value="40"
                />
              </span>
            </span>
          </div>
          <div
            class="MuiFormControl-root MuiFormControl-vertical MuiFormControl-sizeMd css-1qd75b7-JoyFormControl-root"
          >
            <label
              class="MuiFormLabel-root css-4az1jf-JoyFormLabel-root"
              for=":r1:"
              id=":r1:-label"
            >
              Update Speed
               
              <p
                data-testid="update-speed"
              >
                500
              </p>
            </label>
            <span
              class="MuiSlider-root MuiSlider-variantSolid MuiSlider-colorPrimary MuiSlider-sizeLg css-1n12bqn-JoySlider-root"
            >
              <span
                class="MuiSlider-rail css-25lf7d-JoySlider-rail"
                data-testid="update-speed-rail"
              />
              <span
                class="MuiSlider-track css-1jq9w0k-JoySlider-track"
                style="left: 0%; width: 47.36842105263158%;"
              />
              <span
                class="MuiSlider-thumb css-1yv1cbk-JoySlider-thumb"
                data-index="0"
                style="left: 47.36842105263158%;"
              >
                <input
                  aria-orientation="horizontal"
                  aria-valuemax="1000"
                  aria-valuemin="50"
                  aria-valuenow="500"
                  class="MuiSlider-input css-1aiebgt-JoySlider-input"
                  data-index="0"
                  max="1000"
                  min="50"
                  step="10"
                  style="border: 0px; height: 100%; margin: -1px; overflow: hidden; padding: 0px; position: absolute; white-space: nowrap; width: 100%; direction: ltr;"
                  type="range"
                  value="500"
                />
              </span>
            </span>
          </div>
        </div>
      </div>
    </div>
  </body>,
  "container": <div>
    <div
      class="MuiStack-root css-dxtbbu-JoyStack-root"
    >
      <h1
        class="MuiTypography-root MuiTypography-display1 MuiTypography-colorNeutral MuiTypography-variantSolid css-16qvs2p-JoyTypography-root"
        id="title"
      >
        Conway's Game of Life
      </h1>
      <div
        class="sc-gsMHZj eiYyzm"
      >
        <canvas
          class="sc-bcHOTY kZGdfh"
          data-testid="gol-canvas"
          height="400"
          width="1880"
        />
      </div>
      <div
        data-testid="game-data"
      >
        [{"x":15,"y":2},{"x":16,"y":3},{"x":14,"y":4},{"x":15,"y":4},{"x":16,"y":4}]
      </div>
      <div
        class="MuiSheet-root MuiSheet-variantPlain MuiSheet-colorNeutral css-1bqfkf2-JoySheet-root"
      >
        <button
          class="MuiButton-root MuiButton-variantSolid MuiButton-colorPrimary MuiButton-sizeLg css-1mhx1qt-JoyButton-root"
          data-testid="play-game"
          type="button"
        >
          <span
            class="MuiButton-startDecorator css-187ulk2-JoyButton-startDecorator"
          >
            <svg
              aria-hidden="true"
              class="MuiSvgIcon-root MuiSvgIcon-fontSizeMedium css-i4bv87-MuiSvgIcon-root"
              data-testid="PlayArrowIcon"
              focusable="false"
              viewBox="0 0 24 24"
            >
              <path
                d="M8 5v14l11-7z"
              />
            </svg>
          </span>
          Play
        </button>
        <button
          class="MuiButton-root MuiButton-variantSolid MuiButton-colorPrimary MuiButton-sizeLg css-1mhx1qt-JoyButton-root"
          data-testid="clear-game"
          type="button"
        >
          <span
            class="MuiButton-startDecorator css-187ulk2-JoyButton-startDecorator"
          >
            <svg
              aria-hidden="true"
              class="MuiSvgIcon-root MuiSvgIcon-fontSizeMedium css-i4bv87-MuiSvgIcon-root"
              data-testid="ClearIcon"
              focusable="false"
              viewBox="0 0 24 24"
            >
              <path
                d="M19 6.41 17.59 5 12 10.59 6.41 5 5 6.41 10.59 12 5 17.59 6.41 19 12 13.41 17.59 19 19 17.59 13.41 12z"
              />
            </svg>
          </span>
          Clear
        </button>
      </div>
      <div
        class="MuiSheet-root MuiSheet-variantPlain MuiSheet-colorNeutral css-lmwrr5-JoySheet-root"
      >
        <div
          class="MuiFormControl-root MuiFormControl-vertical MuiFormControl-sizeMd css-1qd75b7-JoyFormControl-root"
        >
          <label
            class="MuiFormLabel-root css-4az1jf-JoyFormLabel-root"
            for=":r0:"
            id=":r0:-label"
          >
            Cell Size
             
            <p
              data-testid="cell-size"
            >
              40
            </p>
          </label>
          <span
            class="MuiSlider-root MuiSlider-variantSolid MuiSlider-colorPrimary MuiSlider-sizeLg css-1n12bqn-JoySlider-root"
          >
            <span
              class="MuiSlider-rail css-25lf7d-JoySlider-rail"
              data-testid="cell-size-rail"
            />
            <span
              class="MuiSlider-track css-1jq9w0k-JoySlider-track"
              style="left: 0%; width: 33.333333333333336%;"
            />
            <span
              class="MuiSlider-thumb css-1yv1cbk-JoySlider-thumb"
              data-index="0"
              style="left: 33.333333333333336%;"
            >
              <input
                aria-orientation="horizontal"
                aria-valuemax="100"
                aria-valuemin="10"
                aria-valuenow="40"
                class="MuiSlider-input css-1aiebgt-JoySlider-input"
                data-index="0"
                max="100"
                min="10"
                step="2"
                style="border: 0px; height: 100%; margin: -1px; overflow: hidden; padding: 0px; position: absolute; white-space: nowrap; width: 100%; direction: ltr;"
                type="range"
                value="40"
              />
            </span>
          </span>
        </div>
        <div
          class="MuiFormControl-root MuiFormControl-vertical MuiFormControl-sizeMd css-1qd75b7-JoyFormControl-root"
        >
          <label
            class="MuiFormLabel-root css-4az1jf-JoyFormLabel-root"
            for=":r1:"
            id=":r1:-label"
          >
            Update Speed
             
            <p
              data-testid="update-speed"
            >
              500
            </p>
          </label>
          <span
            class="MuiSlider-root MuiSlider-variantSolid MuiSlider-colorPrimary MuiSlider-sizeLg css-1n12bqn-JoySlider-root"
          >
            <span
              class="MuiSlider-rail css-25lf7d-JoySlider-rail"
              data-testid="update-speed-rail"
            />
            <span
              class="MuiSlider-track css-1jq9w0k-JoySlider-track"
              style="left: 0%; width: 47.36842105263158%;"
            />
            <span
              class="MuiSlider-thumb css-1yv1cbk-JoySlider-thumb"
              data-index="0"
              style="left: 47.36842105263158%;"
            >
              <input
                aria-orientation="horizontal"
                aria-valuemax="1000"
                aria-valuemin="50"
                aria-valuenow="500"
                class="MuiSlider-input css-1aiebgt-JoySlider-input"
                data-index="0"
                max="1000"
                min="50"
                step="10"
                style="border: 0px; height: 100%; margin: -1px; overflow: hidden; padding: 0px; position: absolute; white-space: nowrap; width: 100%; direction: ltr;"
                type="range"
                value="500"
              />
            </span>
          </span>
        </div>
      </div>
    </div>
  </div>,
  "debug": [Function],
  "findAllByAltText": [Function],
  "findAllByDisplayValue": [Function],
  "findAllByLabelText": [Function],
  "findAllByPlaceholderText": [Function],
  "findAllByRole": [Function],
  "findAllByTestId": [Function],
  "findAllByText": [Function],
  "findAllByTitle": [Function],
  "findByAltText": [Function],
  "findByDisplayValue": [Function],
  "findByLabelText": [Function],
  "findByPlaceholderText": [Function],
  "findByRole": [Function],
  "findByTestId": [Function],
  "findByText": [Function],
  "findByTitle": [Function],
  "getAllByAltText": [Function],
  "getAllByDisplayValue": [Function],
  "getAllByLabelText": [Function],
  "getAllByPlaceholderText": [Function],
  "getAllByRole": [Function],
  "getAllByTestId": [Function],
  "getAllByText": [Function],
  "getAllByTitle": [Function],
  "getByAltText": [Function],
  "getByDisplayValue": [Function],
  "getByLabelText": [Function],
  "getByPlaceholderText": [Function],
  "getByRole": [Function],
  "getByTestId": [Function],
  "getByText": [Function],
  "getByTitle": [Function],
  "queryAllByAltText": [Function],
  "queryAllByDisplayValue": [Function],
  "queryAllByLabelText": [Function],
  "queryAllByPlaceholderText": [Function],
  "queryAllByRole": [Function],
  "queryAllByTestId": [Function],
  "queryAllByText": [Function],
  "queryAllByTitle": [Function],
  "queryByAltText": [Function],
  "queryByDisplayValue": [Function],
  "queryByLabelText": [Function],
  "queryByPlaceholderText": [Function],
  "queryByRole": [Function],
  "queryByTestId": [Function],
  "queryByText": [Function],
  "queryByTitle": [Function],
  "rerender": [Function],
  "unmount": [Function],
}
`;
