// Jest Snapshot v1, https://goo.gl/fbAQLP

exports[`GameOfLife Doesn't crash while rendering state updates 1`] = `
{
  "asFragment": [Function],
  "baseElement": <body>
    <div>
      <div
        class="sc-dlnjcy khFybW"
      >
        <header>
          <div>
            Conway's Game of Life
          </div>
        </header>
        <div
          class="sc-gtsseb fLJXhv"
        >
          <canvas
            class="sc-bdnyYQ ebLwqT"
            data-testid="gol-canvas"
            height="700"
            width="1850"
          />
        </div>
        <footer>
          <div>
            Place controls here
          </div>
        </footer>
      </div>
    </div>
  </body>,
  "container": <div>
    <div
      class="sc-dlnjcy khFybW"
    >
      <header>
        <div>
          Conway's Game of Life
        </div>
      </header>
      <div
        class="sc-gtsseb fLJXhv"
      >
        <canvas
          class="sc-bdnyYQ ebLwqT"
          data-testid="gol-canvas"
          height="700"
          width="1850"
        />
      </div>
      <footer>
        <div>
          Place controls here
        </div>
      </footer>
    </div>
  </div>,
  "debug": [Function],
  "findAllByAltText": [Function],
  "findAllByDisplayValue": [Function],
  "findAllByLabelText": [Function],
  "findAllByPlaceholderText": [Function],
  "findAllByRole": [Function],
  "findAllByTestId": [Function],
  "findAllByText": [Function],
  "findAllByTitle": [Function],
  "findByAltText": [Function],
  "findByDisplayValue": [Function],
  "findByLabelText": [Function],
  "findByPlaceholderText": [Function],
  "findByRole": [Function],
  "findByTestId": [Function],
  "findByText": [Function],
  "findByTitle": [Function],
  "getAllByAltText": [Function],
  "getAllByDisplayValue": [Function],
  "getAllByLabelText": [Function],
  "getAllByPlaceholderText": [Function],
  "getAllByRole": [Function],
  "getAllByTestId": [Function],
  "getAllByText": [Function],
  "getAllByTitle": [Function],
  "getByAltText": [Function],
  "getByDisplayValue": [Function],
  "getByLabelText": [Function],
  "getByPlaceholderText": [Function],
  "getByRole": [Function],
  "getByTestId": [Function],
  "getByText": [Function],
  "getByTitle": [Function],
  "queryAllByAltText": [Function],
  "queryAllByDisplayValue": [Function],
  "queryAllByLabelText": [Function],
  "queryAllByPlaceholderText": [Function],
  "queryAllByRole": [Function],
  "queryAllByTestId": [Function],
  "queryAllByText": [Function],
  "queryAllByTitle": [Function],
  "queryByAltText": [Function],
  "queryByDisplayValue": [Function],
  "queryByLabelText": [Function],
  "queryByPlaceholderText": [Function],
  "queryByRole": [Function],
  "queryByTestId": [Function],
  "queryByText": [Function],
  "queryByTitle": [Function],
  "rerender": [Function],
  "unmount": [Function],
}
`;
